asana	http	https://mcp.asana.com/v2/mcp	needsConfig=no	keys=-	params=-	auth=oauth
brave-search	stdio	npx -y @brave/brave-search-mcp-server --transport stdio	needsConfig=yes	keys=BRAVE_API_KEY	params=-	auth=-
chrome-devtools	stdio	npx -y chrome-devtools-mcp@latest	needsConfig=no	keys=-	params=-	auth=-
cloudflare-docs	http	https://docs.mcp.cloudflare.com/mcp	needsConfig=no	keys=-	params=-	auth=-
everything	stdio	npx -y @modelcontextprotocol/server-everything	needsConfig=no	keys=-	params=-	auth=-
fetch	stdio	uvx mcp-server-fetch	needsConfig=no	keys=-	params=-	auth=-
filesystem	stdio	npx -y @modelcontextprotocol/server-filesystem {{directory}}	needsConfig=yes	keys=-	params=directory	auth=-
git	stdio	uvx mcp-server-git --repository {{repository}}	needsConfig=yes	keys=-	params=repository	auth=-
github	http	https://api.githubcopilot.com/mcp/	needsConfig=no	keys=-	params=-	auth=oauth
linear	http	https://mcp.linear.app/mcp	needsConfig=no	keys=-	params=-	auth=oauth
memory	stdio	npx -y @modelcontextprotocol/server-memory	needsConfig=no	keys=-	params=-	auth=-
notion	http	https://mcp.notion.com/mcp	needsConfig=no	keys=-	params=-	auth=oauth
playwright	stdio	npx @playwright/mcp@latest	needsConfig=no	keys=-	params=-	auth=-
sentry	http	https://mcp.sentry.dev/mcp	needsConfig=no	keys=-	params=-	auth=oauth
sequential-thinking	stdio	npx -y @modelcontextprotocol/server-sequential-thinking	needsConfig=no	keys=-	params=-	auth=-
stripe	http	https://mcp.stripe.com	needsConfig=no	keys=-	params=-	auth=oauth
time	stdio	uvx mcp-server-time	needsConfig=no	keys=-	params=-	auth=-
